// Jest Snapshot v1, https://goo.gl/fbAQLP

exports[`should render ExpenseSummary with 1 expense 1`] = `
<div>
  <p>
    Viewing 
    1
     expense
     totalling 
    $1,234.50
  </p>
</div>
`;

exports[`should render ExpenseSummary with 2 expenses 1`] = `
<div>
  <p>
    Viewing 
    2
     expense
    s
     totalling 
    $1,234.50
  </p>
</div>
`;
